  console.error
    TypeError: Invalid URL: test-image.jpg
        at ignore-listed frames

      at error (node_modules/next/src/shared/lib/image-loader.ts:70:17)
      at loader (node_modules/next/src/shared/lib/get-img-props.ts:250:14)
          at Array.map (<anonymous>)
      at map (node_modules/next/src/shared/lib/get-img-props.ts:248:8)
      at generateImgAttrs (node_modules/next/src/shared/lib/get-img-props.ts:727:25)
      at node_modules/next/src/client/image-component.tsx:402:64
      at Object.react_stack_bottom_frame (node_modules/react-dom/cjs/react-dom-client.development.js:25904:20)
      at renderWithHooks (node_modules/react-dom/cjs/react-dom-client.development.js:7662:22)
      at updateForwardRef (node_modules/react-dom/cjs/react-dom-client.development.js:9724:19)
      at beginWork (node_modules/react-dom/cjs/react-dom-client.development.js:12117:18)
      at runWithFiberInDEV (node_modules/react-dom/cjs/react-dom-client.development.js:874:13)
      at performUnitOfWork (node_modules/react-dom/cjs/react-dom-client.development.js:17641:22)
      at workLoopSync (node_modules/react-dom/cjs/react-dom-client.development.js:17469:41)
      at renderRootSync (node_modules/react-dom/cjs/react-dom-client.development.js:17450:11)
      at performWorkOnRoot (node_modules/react-dom/cjs/react-dom-client.development.js:16504:11)
      at performWorkOnRootViaSchedulerTask (node_modules/react-dom/cjs/react-dom-client.development.js:18957:7)
      at performWorkUntilDeadline (node_modules/scheduler/cjs/scheduler.development.js:45:48)
      at Timeout.task [as _onTimeout] (node_modules/jsdom/lib/jsdom/browser/Window.js:579:19)

  console.error
    TypeError: Invalid URL: test-image.jpg
        at ignore-listed frames

      at error (node_modules/next/src/shared/lib/image-loader.ts:70:17)
      at loader (node_modules/next/src/shared/lib/get-img-props.ts:250:14)
          at Array.map (<anonymous>)
      at map (node_modules/next/src/shared/lib/get-img-props.ts:248:8)
      at generateImgAttrs (node_modules/next/src/shared/lib/get-img-props.ts:727:25)
      at node_modules/next/src/client/image-component.tsx:402:64
      at Object.react_stack_bottom_frame (node_modules/react-dom/cjs/react-dom-client.development.js:25904:20)
      at renderWithHooks (node_modules/react-dom/cjs/react-dom-client.development.js:7662:22)
      at updateForwardRef (node_modules/react-dom/cjs/react-dom-client.development.js:9724:19)
      at beginWork (node_modules/react-dom/cjs/react-dom-client.development.js:12117:18)
      at runWithFiberInDEV (node_modules/react-dom/cjs/react-dom-client.development.js:874:13)
      at performUnitOfWork (node_modules/react-dom/cjs/react-dom-client.development.js:17641:22)
      at workLoopSync (node_modules/react-dom/cjs/react-dom-client.development.js:17469:41)
      at renderRootSync (node_modules/react-dom/cjs/react-dom-client.development.js:17450:11)
      at performWorkOnRoot (node_modules/react-dom/cjs/react-dom-client.development.js:16583:35)
      at performWorkOnRootViaSchedulerTask (node_modules/react-dom/cjs/react-dom-client.development.js:18957:7)
      at performWorkUntilDeadline (node_modules/scheduler/cjs/scheduler.development.js:45:48)
      at Timeout.task [as _onTimeout] (node_modules/jsdom/lib/jsdom/browser/Window.js:579:19)

  console.error
    Error: Failed to parse src "test-image.jpg" on `next/image`, if using relative image it must start with a leading slash "/" or be an absolute URL (http:// or https://)
        at defaultLoader (C:\Users\CK NWAMU\Downloads\raveplus-production\node_modules\next\src\shared\lib\image-loader.ts:71:15)
        at loader (C:\Users\CK NWAMU\Downloads\raveplus-production\node_modules\next\src\shared\lib\get-img-props.ts:250:14)
        at Array.map (<anonymous>)
        at map (C:\Users\CK NWAMU\Downloads\raveplus-production\node_modules\next\src\shared\lib\get-img-props.ts:248:8)
        at generateImgAttrs (C:\Users\CK NWAMU\Downloads\raveplus-production\node_modules\next\src\shared\lib\get-img-props.ts:727:25)
        at C:\Users\CK NWAMU\Downloads\raveplus-production\node_modules\next\src\client\image-component.tsx:402:64
        at Object.react_stack_bottom_frame (C:\Users\CK NWAMU\Downloads\raveplus-production\node_modules\react-dom\cjs\react-dom-client.development.js:25904:20)
        at renderWithHooks (C:\Users\CK NWAMU\Downloads\raveplus-production\node_modules\react-dom\cjs\react-dom-client.development.js:7662:22)
        at updateForwardRef (C:\Users\CK NWAMU\Downloads\raveplus-production\node_modules\react-dom\cjs\react-dom-client.development.js:9724:19)
        at beginWork (C:\Users\CK NWAMU\Downloads\raveplus-production\node_modules\react-dom\cjs\react-dom-client.development.js:12117:18)
        at runWithFiberInDEV (C:\Users\CK NWAMU\Downloads\raveplus-production\node_modules\react-dom\cjs\react-dom-client.development.js:874:13)
        at performUnitOfWork (C:\Users\CK NWAMU\Downloads\raveplus-production\node_modules\react-dom\cjs\react-dom-client.development.js:17641:22)
        at workLoopSync (C:\Users\CK NWAMU\Downloads\raveplus-production\node_modules\react-dom\cjs\react-dom-client.development.js:17469:41)
        at renderRootSync (C:\Users\CK NWAMU\Downloads\raveplus-production\node_modules\react-dom\cjs\react-dom-client.development.js:17450:11)
        at performWorkOnRoot (C:\Users\CK NWAMU\Downloads\raveplus-production\node_modules\react-dom\cjs\react-dom-client.development.js:16583:35)
        at performWorkOnRootViaSchedulerTask (C:\Users\CK NWAMU\Downloads\raveplus-production\node_modules\react-dom\cjs\react-dom-client.development.js:18957:7)
        at performWorkUntilDeadline (C:\Users\CK NWAMU\Downloads\raveplus-production\node_modules\scheduler\cjs\scheduler.development.js:45:48)
        at Timeout.task [as _onTimeout] (C:\Users\CK NWAMU\Downloads\raveplus-production\node_modules\jsdom\lib\jsdom\browser\Window.js:579:19)
        at listOnTimeout (node:internal/timers:588:17)
        at processTimers (node:internal/timers:523:7)

      at process.env.NODE_ENV.reportGlobalError (node_modules/react-dom/cjs/react-dom-client.development.js:25513:23)
      at defaultOnUncaughtError (node_modules/react-dom/cjs/react-dom-client.development.js:9361:7)
      at logUncaughtError (node_modules/react-dom/cjs/react-dom-client.development.js:9431:11)
      at runWithFiberInDEV (node_modules/react-dom/cjs/react-dom-client.development.js:874:13)
      at lane.callback (node_modules/react-dom/cjs/react-dom-client.development.js:9461:9)
      at callCallback (node_modules/react-dom/cjs/react-dom-client.development.js:7423:16)
      at commitCallbacks (node_modules/react-dom/cjs/react-dom-client.development.js:7443:11)
      at runWithFiberInDEV (node_modules/react-dom/cjs/react-dom-client.development.js:874:13)
      at commitLayoutEffectOnFiber (node_modules/react-dom/cjs/react-dom-client.development.js:14047:15)
      at flushLayoutEffects (node_modules/react-dom/cjs/react-dom-client.development.js:18138:15)
      at commitRoot (node_modules/react-dom/cjs/react-dom-client.development.js:17954:9)
      at commitRootWhenReady (node_modules/react-dom/cjs/react-dom-client.development.js:16824:7)
      at performWorkOnRoot (node_modules/react-dom/cjs/react-dom-client.development.js:16722:15)
      at performWorkOnRootViaSchedulerTask (node_modules/react-dom/cjs/react-dom-client.development.js:18957:7)
      at performWorkUntilDeadline (node_modules/scheduler/cjs/scheduler.development.js:45:48)
      at Timeout.task [as _onTimeout] (node_modules/jsdom/lib/jsdom/browser/Window.js:579:19)

  console.warn
    An error occurred in the <ForwardRef> component.
    
    Consider adding an error boundary to your tree to customize error handling behavior.
    Visit https://react.dev/link/error-boundaries to learn more about error boundaries.

      at defaultOnUncaughtError (node_modules/react-dom/cjs/react-dom-client.development.js:9362:15)
      at logUncaughtError (node_modules/react-dom/cjs/react-dom-client.development.js:9431:11)
      at runWithFiberInDEV (node_modules/react-dom/cjs/react-dom-client.development.js:874:13)
      at lane.callback (node_modules/react-dom/cjs/react-dom-client.development.js:9461:9)
      at callCallback (node_modules/react-dom/cjs/react-dom-client.development.js:7423:16)
      at commitCallbacks (node_modules/react-dom/cjs/react-dom-client.development.js:7443:11)
      at runWithFiberInDEV (node_modules/react-dom/cjs/react-dom-client.development.js:874:13)
      at commitLayoutEffectOnFiber (node_modules/react-dom/cjs/react-dom-client.development.js:14047:15)
      at flushLayoutEffects (node_modules/react-dom/cjs/react-dom-client.development.js:18138:15)
      at commitRoot (node_modules/react-dom/cjs/react-dom-client.development.js:17954:9)
      at commitRootWhenReady (node_modules/react-dom/cjs/react-dom-client.development.js:16824:7)
      at performWorkOnRoot (node_modules/react-dom/cjs/react-dom-client.development.js:16722:15)
      at performWorkOnRootViaSchedulerTask (node_modules/react-dom/cjs/react-dom-client.development.js:18957:7)
      at performWorkUntilDeadline (node_modules/scheduler/cjs/scheduler.development.js:45:48)
      at Timeout.task [as _onTimeout] (node_modules/jsdom/lib/jsdom/browser/Window.js:579:19)

  console.error
    Failed to load Instagram feed: Error: Network error
        at Object.<anonymous> (C:\Users\CK NWAMU\Downloads\raveplus-production\src\components\sections\__tests__\Collections.test.tsx:45:44)
        at Promise.finally.completed (C:\Users\CK NWAMU\Downloads\raveplus-production\node_modules\jest-circus\build\jestAdapterInit.js:1557:28)
        at new Promise (<anonymous>)
        at callAsyncCircusFn (C:\Users\CK NWAMU\Downloads\raveplus-production\node_modules\jest-circus\build\jestAdapterInit.js:1497:10)
        at _callCircusTest (C:\Users\CK NWAMU\Downloads\raveplus-production\node_modules\jest-circus\build\jestAdapterInit.js:1007:40)
        at _runTest (C:\Users\CK NWAMU\Downloads\raveplus-production\node_modules\jest-circus\build\jestAdapterInit.js:947:3)
        at C:\Users\CK NWAMU\Downloads\raveplus-production\node_modules\jest-circus\build\jestAdapterInit.js:849:7
        at _runTestsForDescribeBlock (C:\Users\CK NWAMU\Downloads\raveplus-production\node_modules\jest-circus\build\jestAdapterInit.js:862:11)
        at _runTestsForDescribeBlock (C:\Users\CK NWAMU\Downloads\raveplus-production\node_modules\jest-circus\build\jestAdapterInit.js:857:11)
        at run (C:\Users\CK NWAMU\Downloads\raveplus-production\node_modules\jest-circus\build\jestAdapterInit.js:761:3)
        at runAndTransformResultsToJestFormat (C:\Users\CK NWAMU\Downloads\raveplus-production\node_modules\jest-circus\build\jestAdapterInit.js:1918:21)
        at jestAdapter (C:\Users\CK NWAMU\Downloads\raveplus-production\node_modules\jest-circus\build\runner.js:101:19)
        at runTestInternal (C:\Users\CK NWAMU\Downloads\raveplus-production\node_modules\jest-runner\build\index.js:275:16)
        at runTest (C:\Users\CK NWAMU\Downloads\raveplus-production\node_modules\jest-runner\build\index.js:343:7)

    [0m [90m 52 |[39m         }
     [90m 53 |[39m       } [36mcatch[39m (error) {
    [31m[1m>[22m[39m[90m 54 |[39m         console[33m.[39merror([32m"Failed to load Instagram feed:"[39m[33m,[39m error)[33m;[39m
     [90m    |[39m                 [31m[1m^[22m[39m
     [90m 55 |[39m         setProducts(fallback)[33m;[39m
     [90m 56 |[39m       } [36mfinally[39m {
     [90m 57 |[39m         setLoading([36mfalse[39m)[33m;[39m[0m

      at error (src/components/sections/Collections.tsx:54:17)

node.exe : FAIL 
src/components/sections/__tests__/Collections.test.tsx
At line:1 char:1
+ & "C:\Program Files\nodejs/node.exe" "C:\Program 
Files\nodejs/node_mo ...
+ ~~~~~~~~~~~~~~~~~~~~~~~~~~~~~~~~~~~~~~~~~~~~~~~~~~~~~~~~~~~~~~~~~
~~~~
    + CategoryInfo          : NotSpecified: (FAIL src/compon...cti 
   ons.test.tsx:String) [], RemoteException
    + FullyQualifiedErrorId : NativeCommandError
 
  Collections Section
    ΓêÜ displays loading state initially (23 ms)
    ├ù renders products successfully when Behold API returns data 
(1007 ms)
    ΓêÜ falls back to local data when API fails (29 ms)

  ΓùÅ Collections Section ΓÇ║ renders products successfully when 
Behold API returns data

    Failed to parse src "test-image.jpg" on `next/image`, if using 
relative image it must start with a leading slash "/" or be an 
absolute URL (http:// or https://)

      at defaultLoader 
(node_modules/next/src/shared/lib/image-loader.ts:71:15)
      at loader 
(node_modules/next/src/shared/lib/get-img-props.ts:250:14)
          at Array.map (<anonymous>)
      at map 
(node_modules/next/src/shared/lib/get-img-props.ts:248:8)
      at generateImgAttrs 
(node_modules/next/src/shared/lib/get-img-props.ts:727:25)
      at node_modules/next/src/client/image-component.tsx:402:64
      at Object.react_stack_bottom_frame (node_modules/react-dom/cj
s/react-dom-client.development.js:25904:20)
      at renderWithHooks (node_modules/react-dom/cjs/react-dom-clie
nt.development.js:7662:22)
      at updateForwardRef (node_modules/react-dom/cjs/react-dom-cli
ent.development.js:9724:19)
      at beginWork (node_modules/react-dom/cjs/react-dom-client.dev
elopment.js:12117:18)
      at runWithFiberInDEV 
(node_modules/react-dom/cjs/react-dom-client.development.js:874:13)
      at performUnitOfWork (node_modules/react-dom/cjs/react-dom-cl
ient.development.js:17641:22)
      at workLoopSync (node_modules/react-dom/cjs/react-dom-client.
development.js:17469:41)
      at renderRootSync (node_modules/react-dom/cjs/react-dom-clien
t.development.js:17450:11)
      at performWorkOnRoot (node_modules/react-dom/cjs/react-dom-cl
ient.development.js:16583:35)
      at performWorkOnRootViaSchedulerTask (node_modules/react-dom/
cjs/react-dom-client.development.js:18957:7)
      at performWorkUntilDeadline 
(node_modules/scheduler/cjs/scheduler.development.js:45:48)
      at Timeout.task [as _onTimeout] 
(node_modules/jsdom/lib/jsdom/browser/Window.js:579:19)

  ΓùÅ Collections Section ΓÇ║ renders products successfully when 
Behold API returns data

    Unable to find an element with the text: /Special Dress/i. 
This could be because the text is broken up by multiple elements. 
In this case, you can provide a function for your text matcher to 
make your matcher more flexible.

    Ignored nodes: comments, script, style
    [36m<body>[39m
      [36m<div />[39m
    [36m</body>[39m

    [0m [90m 36 |[39m
     [90m 37 |[39m     [90m// Wait for the mock post to 
appear[39m
    [31m[1m>[22m[39m[90m 38 |[39m     [36mawait[39m 
waitFor(() [33m=>[39m {
     [90m    |[39m                  [31m[1m^[22m[39m
     [90m 39 |[39m       
expect(screen[33m.[39mgetByText([35m/Special 
Dress/i[39m))[33m.[39mtoBeInTheDocument()[33m;[39m
     [90m 40 |[39m       expect(screen[33m.[39mgetByText([35m/
Γéª20,000/i[39m))[33m.[39mtoBeInTheDocument()[33m;[39m
     [90m 41 |[39m     })[33m;[39m[0m

      at waitForWrapper 
(node_modules/@testing-library/dom/dist/wait-for.js:163:27)
      at Object.<anonymous> 
(src/components/sections/__tests__/Collections.test.tsx:38:18)

Test Suites: 1 failed, 1 total
Tests:       1 failed, 2 passed, 3 total
Snapshots:   0 total
Time:        1.949 s, estimated 2 s
Ran all test suites matching 
src/components/sections/__tests__/Collections.test.tsx.
